PORTABLE_RESULT_JSON={"version": 315, "python_version": "3.9.6 (default, May 22 2026, 11:13:45) \n[Clang 21.0.0 (clang-2100.1.1.101)]", "production_module": "/private/tmp/geometry-portable-v315-y_23tb6z/outputs/geometry_strategy_v238_v317/interaction.py", "production_sha256": "5b09dfeec746a8cfbc4b24661328e77f26507075f2107fd7d10614f990808341", "test_module": "/private/tmp/geometry-portable-v315-y_23tb6z/outputs/geometry_strategy_v238_v317/test_interaction.py", "copied_snapshot_module_loaded": true, "tests_run": 22, "failures": 0, "errors": 0, "skipped": 0, "skip_reasons": [], "successful": true}

test_hash_match_is_not_a_proof (portable_snapshot_test_v315.EvidenceTests) ... ok
test_no_store_cannot_silently_drop_evidence (portable_snapshot_test_v315.EvidenceTests) ... ok
test_retrieval_checks_hash_before_verifier (portable_snapshot_test_v315.EvidenceTests) ... ok
test_store_reference_preserves_evidence_and_reduces_transport (portable_snapshot_test_v315.EvidenceTests) ... ok
test_batch_continues_after_invalid_and_executor_errors (portable_snapshot_test_v315.RequestRunnerTests) ... ok
test_cached_work_does_not_charge_a_new_execution (portable_snapshot_test_v315.RequestRunnerTests) ... ok
test_duplicate_execution_and_copy_isolation (portable_snapshot_test_v315.RequestRunnerTests) ... ok
test_error_response_does_not_abort_batch (portable_snapshot_test_v315.RequestRunnerTests) ... ok
test_failed_stage_time_is_retained_and_wall_limit_is_admission_only (portable_snapshot_test_v315.RequestRunnerTests) ... ok
test_failed_work_is_charged_and_later_budget_blocks (portable_snapshot_test_v315.RequestRunnerTests) ... ok
test_failure_not_cached_and_disable_supported (portable_snapshot_test_v315.RequestRunnerTests) ... ok
test_full_semantics_and_namespace_bound (portable_snapshot_test_v315.RequestRunnerTests) ... ok
test_verification_storage_and_load_have_separate_timings (portable_snapshot_test_v315.RequestRunnerTests) ... ok
test_claimed_met_is_recomputed_from_exact_width (portable_snapshot_test_v315.SummaryTests) ... ok
test_directed_rounding_negative_and_tiny_values (portable_snapshot_test_v315.SummaryTests) ... ok
test_existing_piece_certificate_replay_and_no_spectral_claim (portable_snapshot_test_v315.SummaryTests) ... ok
test_false_width_and_reversed_bounds_rejected (portable_snapshot_test_v315.SummaryTests) ... ok
test_invalid_and_failed_result (portable_snapshot_test_v315.SummaryTests) ... ok
test_literal_verifier_acceptance_required (portable_snapshot_test_v315.SummaryTests) ... ok
test_rejection_cannot_be_reported_as_success (portable_snapshot_test_v315.SummaryTests) ... ok
test_scope_target_and_unchecked_state_survive (portable_snapshot_test_v315.SummaryTests) ... ok
test_transport_bounds_without_internal_tolerance_or_squared_error (portable_snapshot_test_v315.SummaryTests) ... ok

----------------------------------------------------------------------
Ran 22 tests in 0.062s

OK
