SNAPSHOT_RESULT_JSON={"version": 247, "python": "3.12.14 (main, Aug 25 2026, 13:50:33) [Clang 22.1.3 ]", "production_module": "/PROJECT/outputs/geometry_strategy_v238_v317/iterations/v247/source/request_contract.py", "production_sha256_at_import": "cf758988985ee308ccfa843df142903a868e3f8710c44a8c3c7914ad9d743533", "production_sha256_after_tests": "cf758988985ee308ccfa843df142903a868e3f8710c44a8c3c7914ad9d743533", "test_module": "/PROJECT/outputs/geometry_strategy_v238_v317/iterations/v247/source/test_request_contract.py", "tests_run": 26, "failures": 0, "errors": 0, "skipped": 0, "skip_reasons": [], "snapshot_production_loaded": true, "project_module_paths": {"spectral_certifier": "/PROJECT/outputs/geometry_v36_v90/spectral_certifier.py", "error_bounds": "/PROJECT/outputs/geometry_v36_v90/error_bounds.py", "v05_range": "/PROJECT/outputs/geometry_v36_v90/v05_range.py", "sphere_sectors": "/PROJECT/outputs/geometry_v91_v94/sphere_sectors.py", "projected_spectrum": "/PROJECT/outputs/geometry_v91_v94/projected_spectrum.py", "exact_extrema": "/PROJECT/outputs/geometry_v36_v90/exact_extrema.py", "common": "/PROJECT/outputs/geometry_cycles_v95_v194/common.py", "constraints": "/PROJECT/outputs/geometry_cycles_v95_v194/constraints.py", "ordered_spectrum": "/PROJECT/outputs/geometry_cycles_v95_v194/ordered_spectrum.py", "gn_variation": "/PROJECT/outputs/geometry_cycles_v95_v194/gn_variation.py", "anisotropic": "/PROJECT/outputs/geometry_cycles_v95_v194/anisotropic.py", "witness": "/PROJECT/outputs/geometry_cycles_v95_v194/witness.py", "precision": "/PROJECT/outputs/geometry_cycles_v95_v194/precision.py", "wide_potential": "/PROJECT/outputs/geometry_cycles_v95_v194/wide_potential.py", "parameter_family": "/PROJECT/outputs/geometry_cycles_v95_v194/parameter_family.py", "global_parameter": "/PROJECT/outputs/geometry_cycles_v95_v194/global_parameter.py", "sphere_scale": "/PROJECT/outputs/geometry_cycles_v95_v194/sphere_scale.py", "portal": "/PROJECT/outputs/geometry_cycles_v95_v194/portal.py", "support": "/PROJECT/outputs/geometry_retests_v195_v234/support.py", "global_constraints": "/PROJECT/outputs/geometry_retests_v195_v234/global_constraints.py", "parity_spectrum": "/PROJECT/outputs/geometry_retests_v195_v234/parity_spectrum.py", "dependencies": "/PROJECT/outputs/geometry_general_v235_v237/dependencies.py", "function_models": "/PROJECT/outputs/geometry_general_v235_v237/function_models.py", "spectral_transfer": "/PROJECT/outputs/geometry_general_v235_v237/spectral_transfer.py", "bridge": "/PROJECT/outputs/geometry_precision_followup/bridge.py", "direct_moments": "/PROJECT/outputs/geometry_precision_followup/direct_moments.py", "piecewise_models": "/PROJECT/outputs/geometry_precision_followup/piecewise_models.py", "enriched_trial": "/PROJECT/outputs/geometry_precision_followup/enriched_trial.py", "precision_tool": "/PROJECT/outputs/geometry_precision_followup/precision_tool.py", "backend": "/PROJECT/outputs/geometry_strategy_v238_v317/backend.py", "request_contract": "/PROJECT/outputs/geometry_strategy_v238_v317/iterations/v247/source/request_contract.py", "snapshot_test_v247": "/PROJECT/outputs/geometry_strategy_v238_v317/iterations/v247/source/test_request_contract.py"}, "successful": true}

test_all_route_budgets_and_types_fail_before_executor (snapshot_test_v247.ContractTests.test_all_route_budgets_and_types_fail_before_executor) ... ok
test_bad_spectral_tolerance_prevents_all_sector_work (snapshot_test_v247.ContractTests.test_bad_spectral_tolerance_prevents_all_sector_work) ... ok
test_custom_verifier_receives_original_bindings (snapshot_test_v247.ContractTests.test_custom_verifier_receives_original_bindings) ... ok
test_duplicate_key_cannot_replace_expected_function (snapshot_test_v247.ContractTests.test_duplicate_key_cannot_replace_expected_function) ... ok
test_executor_cannot_mutate_the_callers_original_request (snapshot_test_v247.ContractTests.test_executor_cannot_mutate_the_callers_original_request) ... ok
test_explicit_backend_failure_and_resource_failure_are_separate (snapshot_test_v247.ContractTests.test_explicit_backend_failure_and_resource_failure_are_separate) ... ok
test_invalid_evidence_and_wrong_goal_have_distinct_reasons (snapshot_test_v247.ContractTests.test_invalid_evidence_and_wrong_goal_have_distinct_reasons) ... ok
test_invalid_singular_budgets_do_not_compute_source (snapshot_test_v247.ContractTests.test_invalid_singular_budgets_do_not_compute_source) ... ok
test_kind_metadata_is_removed_and_wrong_generation_not_started (snapshot_test_v247.ContractTests.test_kind_metadata_is_removed_and_wrong_generation_not_started) ... ok
test_nested_duplicate_and_valid_roundtrip (snapshot_test_v247.ContractTests.test_nested_duplicate_and_valid_roundtrip) ... ok
test_non_object_roots_are_rejected_before_execution (snapshot_test_v247.ContractTests.test_non_object_roots_are_rejected_before_execution) ... ok
test_nonfinite_json_and_overflow_are_rejected (snapshot_test_v247.ContractTests.test_nonfinite_json_and_overflow_are_rejected) ... ok
test_null_cannot_silently_disable_certificate_binding (snapshot_test_v247.ContractTests.test_null_cannot_silently_disable_certificate_binding) ... ok
test_replay_marks_missing_external_bindings (snapshot_test_v247.ContractTests.test_replay_marks_missing_external_bindings) ... ok
test_request_identity_and_expected_digest_are_bound_before_dispatch (snapshot_test_v247.ContractTests.test_request_identity_and_expected_digest_are_bound_before_dispatch) ... ok
test_request_stream_survives_parse_and_executor_failure (snapshot_test_v247.ContractTests.test_request_stream_survives_parse_and_executor_failure) ... ok
test_semantic_digest_normalizes_defaults_and_exact_rationals (snapshot_test_v247.ContractTests.test_semantic_digest_normalizes_defaults_and_exact_rationals) ... ok
test_solver_claim_cannot_bypass_actual_certificate_replay (snapshot_test_v247.ContractTests.test_solver_claim_cannot_bypass_actual_certificate_replay) ... ok
test_stable_rejection_codes_do_not_depend_on_error_messages (snapshot_test_v247.ContractTests.test_stable_rejection_codes_do_not_depend_on_error_messages) ... ok
test_user_interrupt_is_not_swallowed (snapshot_test_v247.ContractTests.test_user_interrupt_is_not_swallowed) ... ok
test_valid_approximation_is_not_a_spectral_claim (snapshot_test_v247.ContractTests.test_valid_approximation_is_not_a_spectral_claim) ... ok
test_valid_boundary_budgets_remain_usable (snapshot_test_v247.ContractTests.test_valid_boundary_budgets_remain_usable) ... ok
test_valid_but_unfinished_spectrum_is_not_target_success (snapshot_test_v247.ContractTests.test_valid_but_unfinished_spectrum_is_not_target_success) ... ok
test_verifier_failure_is_not_a_bad_mathematical_certificate (snapshot_test_v247.ContractTests.test_verifier_failure_is_not_a_bad_mathematical_certificate) ... ok
test_wrong_original_keeps_validity_separate_from_binding (snapshot_test_v247.ContractTests.test_wrong_original_keeps_validity_separate_from_binding) ... ok
test_zero_iteration_is_a_valid_budget_not_a_false_error (snapshot_test_v247.ContractTests.test_zero_iteration_is_a_valid_budget_not_a_false_error) ... ok

----------------------------------------------------------------------
Ran 26 tests in 0.088s

OK
