SNAPSHOT_RESULT_JSON={"version": 266, "python": "3.12.14 (main, Aug 25 2026, 13:50:33) [Clang 22.1.3 ]", "production_module": "/PROJECT/outputs/geometry_strategy_v238_v317/iterations/v266/source/adaptive_approx.py", "production_sha256_at_import": "0e52c9155d8f5bbbf12a4f5e3b188afbae94e5130f68a09d835eb9dc344b6597", "production_sha256_after_tests": "0e52c9155d8f5bbbf12a4f5e3b188afbae94e5130f68a09d835eb9dc344b6597", "test_module": "/PROJECT/outputs/geometry_strategy_v238_v317/iterations/v266/source/test_adaptive_approx.py", "tests_run": 17, "failures": 0, "errors": 0, "skipped": 0, "skip_reasons": [], "snapshot_production_loaded": true, "project_module_paths": {"spectral_certifier": "/PROJECT/outputs/geometry_v36_v90/spectral_certifier.py", "error_bounds": "/PROJECT/outputs/geometry_v36_v90/error_bounds.py", "v05_range": "/PROJECT/outputs/geometry_v36_v90/v05_range.py", "sphere_sectors": "/PROJECT/outputs/geometry_v91_v94/sphere_sectors.py", "projected_spectrum": "/PROJECT/outputs/geometry_v91_v94/projected_spectrum.py", "exact_extrema": "/PROJECT/outputs/geometry_v36_v90/exact_extrema.py", "common": "/PROJECT/outputs/geometry_cycles_v95_v194/common.py", "constraints": "/PROJECT/outputs/geometry_cycles_v95_v194/constraints.py", "ordered_spectrum": "/PROJECT/outputs/geometry_cycles_v95_v194/ordered_spectrum.py", "gn_variation": "/PROJECT/outputs/geometry_cycles_v95_v194/gn_variation.py", "anisotropic": "/PROJECT/outputs/geometry_cycles_v95_v194/anisotropic.py", "witness": "/PROJECT/outputs/geometry_cycles_v95_v194/witness.py", "precision": "/PROJECT/outputs/geometry_cycles_v95_v194/precision.py", "wide_potential": "/PROJECT/outputs/geometry_cycles_v95_v194/wide_potential.py", "parameter_family": "/PROJECT/outputs/geometry_cycles_v95_v194/parameter_family.py", "global_parameter": "/PROJECT/outputs/geometry_cycles_v95_v194/global_parameter.py", "sphere_scale": "/PROJECT/outputs/geometry_cycles_v95_v194/sphere_scale.py", "portal": "/PROJECT/outputs/geometry_cycles_v95_v194/portal.py", "support": "/PROJECT/outputs/geometry_retests_v195_v234/support.py", "global_constraints": "/PROJECT/outputs/geometry_retests_v195_v234/global_constraints.py", "parity_spectrum": "/PROJECT/outputs/geometry_retests_v195_v234/parity_spectrum.py", "dependencies": "/PROJECT/outputs/geometry_general_v235_v237/dependencies.py", "function_models": "/PROJECT/outputs/geometry_general_v235_v237/function_models.py", "spectral_transfer": "/PROJECT/outputs/geometry_general_v235_v237/spectral_transfer.py", "bridge": "/PROJECT/outputs/geometry_precision_followup/bridge.py", "direct_moments": "/PROJECT/outputs/geometry_precision_followup/direct_moments.py", "piecewise_models": "/PROJECT/outputs/geometry_precision_followup/piecewise_models.py", "enriched_trial": "/PROJECT/outputs/geometry_precision_followup/enriched_trial.py", "precision_tool": "/PROJECT/outputs/geometry_precision_followup/precision_tool.py", "backend": "/PROJECT/outputs/geometry_strategy_v238_v317/backend.py", "adaptive_approx": "/PROJECT/outputs/geometry_strategy_v238_v317/iterations/v266/source/adaptive_approx.py", "snapshot_test_v266": "/PROJECT/outputs/geometry_strategy_v238_v317/iterations/v266/source/test_adaptive_approx.py"}, "successful": true}

test_amplitude_normalizes_target_without_discarding_offset_or_axis (snapshot_test_v266.ApproximationTests.test_amplitude_normalizes_target_without_discarding_offset_or_axis) ... ok
test_budget_exhaustion_preserves_best_examined_candidate (snapshot_test_v266.ApproximationTests.test_budget_exhaustion_preserves_best_examined_candidate) ... ok
test_certificate_slot_budget_is_enforced (snapshot_test_v266.ApproximationTests.test_certificate_slot_budget_is_enforced) ... ok
test_decomposition_matches_full_integrated_certificate (snapshot_test_v266.ApproximationTests.test_decomposition_matches_full_integrated_certificate) ... ok
test_degree_increases_only_until_exact_target_is_attainable (snapshot_test_v266.ApproximationTests.test_degree_increases_only_until_exact_target_is_attainable) ... ok
test_explicit_shape_cache_reuses_scaled_offset_and_axis_problems (snapshot_test_v266.ApproximationTests.test_explicit_shape_cache_reuses_scaled_offset_and_axis_problems) ... ok
test_invalid_budget_and_target_are_rejected (snapshot_test_v266.ApproximationTests.test_invalid_budget_and_target_are_rejected) ... ok
test_level_selection_is_minimal_not_rounded_logarithm (snapshot_test_v266.ApproximationTests.test_level_selection_is_minimal_not_rounded_logarithm) ... ok
test_ratio_change_escapes_the_single_ratio_precision_floor (snapshot_test_v266.ApproximationTests.test_ratio_change_escapes_the_single_ratio_precision_floor) ... ok
test_shape_cache_is_bounded_and_explicit (snapshot_test_v266.ApproximationTests.test_shape_cache_is_bounded_and_explicit) ... ok
test_square_root_budget_is_not_mistaken_for_mathematical_error (snapshot_test_v266.ApproximationTests.test_square_root_budget_is_not_mistaken_for_mathematical_error) ... ok
test_square_root_rounding_is_refined_without_changing_the_model (snapshot_test_v266.ApproximationTests.test_square_root_rounding_is_refined_without_changing_the_model) ... ok
test_step_is_exact_and_bound_to_input (snapshot_test_v266.ApproximationTests.test_step_is_exact_and_bound_to_input) ... ok
test_unreachable_fixed_degree_is_proved_before_level_search (snapshot_test_v266.ApproximationTests.test_unreachable_fixed_degree_is_proved_before_level_search) ... ok
test_warm_search_can_run_with_zero_new_shape_budget (snapshot_test_v266.ApproximationTests.test_warm_search_can_run_with_zero_new_shape_budget) ... ok
test_zero_amplitude_has_no_shape_search_and_keeps_source_identity (snapshot_test_v266.ApproximationTests.test_zero_amplitude_has_no_shape_search_and_keeps_source_identity) ... ok
test_zero_search_budget_never_manufactures_a_certificate (snapshot_test_v266.ApproximationTests.test_zero_search_budget_never_manufactures_a_certificate) ... ok

----------------------------------------------------------------------
Ran 17 tests in 0.530s

OK
