SNAPSHOT_RESULT_JSON={"version": 275, "python": "3.12.14 (main, Aug 25 2026, 13:50:33) [Clang 22.1.3 ]", "production_module": "/PROJECT/outputs/geometry_strategy_v238_v317/iterations/v275/source/adaptive_singular.py", "production_sha256_at_import": "1167bda28722d4e0c8662bff77642ab4bc84727b94967928cb21ba41797e4c8e", "production_sha256_after_tests": "1167bda28722d4e0c8662bff77642ab4bc84727b94967928cb21ba41797e4c8e", "test_module": "/PROJECT/outputs/geometry_strategy_v238_v317/iterations/v275/source/test_adaptive_singular.py", "tests_run": 17, "failures": 0, "errors": 0, "skipped": 0, "skip_reasons": [], "snapshot_production_loaded": true, "project_module_paths": {"spectral_certifier": "/PROJECT/outputs/geometry_v36_v90/spectral_certifier.py", "error_bounds": "/PROJECT/outputs/geometry_v36_v90/error_bounds.py", "v05_range": "/PROJECT/outputs/geometry_v36_v90/v05_range.py", "sphere_sectors": "/PROJECT/outputs/geometry_v91_v94/sphere_sectors.py", "projected_spectrum": "/PROJECT/outputs/geometry_v91_v94/projected_spectrum.py", "exact_extrema": "/PROJECT/outputs/geometry_v36_v90/exact_extrema.py", "common": "/PROJECT/outputs/geometry_cycles_v95_v194/common.py", "constraints": "/PROJECT/outputs/geometry_cycles_v95_v194/constraints.py", "ordered_spectrum": "/PROJECT/outputs/geometry_cycles_v95_v194/ordered_spectrum.py", "gn_variation": "/PROJECT/outputs/geometry_cycles_v95_v194/gn_variation.py", "anisotropic": "/PROJECT/outputs/geometry_cycles_v95_v194/anisotropic.py", "witness": "/PROJECT/outputs/geometry_cycles_v95_v194/witness.py", "precision": "/PROJECT/outputs/geometry_cycles_v95_v194/precision.py", "wide_potential": "/PROJECT/outputs/geometry_cycles_v95_v194/wide_potential.py", "parameter_family": "/PROJECT/outputs/geometry_cycles_v95_v194/parameter_family.py", "global_parameter": "/PROJECT/outputs/geometry_cycles_v95_v194/global_parameter.py", "sphere_scale": "/PROJECT/outputs/geometry_cycles_v95_v194/sphere_scale.py", "portal": "/PROJECT/outputs/geometry_cycles_v95_v194/portal.py", "support": "/PROJECT/outputs/geometry_retests_v195_v234/support.py", "global_constraints": "/PROJECT/outputs/geometry_retests_v195_v234/global_constraints.py", "parity_spectrum": "/PROJECT/outputs/geometry_retests_v195_v234/parity_spectrum.py", "dependencies": "/PROJECT/outputs/geometry_general_v235_v237/dependencies.py", "function_models": "/PROJECT/outputs/geometry_general_v235_v237/function_models.py", "spectral_transfer": "/PROJECT/outputs/geometry_general_v235_v237/spectral_transfer.py", "bridge": "/PROJECT/outputs/geometry_precision_followup/bridge.py", "direct_moments": "/PROJECT/outputs/geometry_precision_followup/direct_moments.py", "piecewise_models": "/PROJECT/outputs/geometry_precision_followup/piecewise_models.py", "enriched_trial": "/PROJECT/outputs/geometry_precision_followup/enriched_trial.py", "precision_tool": "/PROJECT/outputs/geometry_precision_followup/precision_tool.py", "backend": "/PROJECT/outputs/geometry_strategy_v238_v317/backend.py", "adaptive_singular": "/PROJECT/outputs/geometry_strategy_v238_v317/iterations/v275/source/adaptive_singular.py", "snapshot_test_v275": "/PROJECT/outputs/geometry_strategy_v238_v317/iterations/v275/source/test_adaptive_singular.py"}, "successful": true}

test_adaptive_iteration_stops_using_complete_residual_split (snapshot_test_v275.AdaptiveSingularTests.test_adaptive_iteration_stops_using_complete_residual_split) ... ok
test_cancellation_requires_actual_basis_support (snapshot_test_v275.AdaptiveSingularTests.test_cancellation_requires_actual_basis_support) ... ok
test_certificate_replay_does_not_search (snapshot_test_v275.AdaptiveSingularTests.test_certificate_replay_does_not_search) ... ok
test_certified_shift_improves_early_convergence (snapshot_test_v275.AdaptiveSingularTests.test_certified_shift_improves_early_convergence) ... ok
test_complete_residual_splits_with_mass_inverse (snapshot_test_v275.AdaptiveSingularTests.test_complete_residual_splits_with_mass_inverse) ... ok
test_even_gap_keeps_the_complete_odd_component (snapshot_test_v275.AdaptiveSingularTests.test_even_gap_keeps_the_complete_odd_component) ... ok
test_full_residual_refinement_preserves_or_improves_temple_width (snapshot_test_v275.AdaptiveSingularTests.test_full_residual_refinement_preserves_or_improves_temple_width) ... ok
test_generated_powers_recover_structure_not_literal_table (snapshot_test_v275.AdaptiveSingularTests.test_generated_powers_recover_structure_not_literal_table) ... ok
test_greedy_budget_and_original_problem_certificate (snapshot_test_v275.AdaptiveSingularTests.test_greedy_budget_and_original_problem_certificate) ... ok
test_inverse_shift_does_not_change_original_operator_proof (snapshot_test_v275.AdaptiveSingularTests.test_inverse_shift_does_not_change_original_operator_proof) ... ok
test_leading_cancellation_is_exact_after_every_rounding_step (snapshot_test_v275.AdaptiveSingularTests.test_leading_cancellation_is_exact_after_every_rounding_step) ... ok
test_mass_orthogonalization_exactly_preserves_full_forms (snapshot_test_v275.AdaptiveSingularTests.test_mass_orthogonalization_exactly_preserves_full_forms) ... ok
test_original_source_and_global_three_term_proof (snapshot_test_v275.AdaptiveSingularTests.test_original_source_and_global_three_term_proof) ... ok
test_orthogonalization_can_preserve_cancellation_constraint (snapshot_test_v275.AdaptiveSingularTests.test_orthogonalization_can_preserve_cancellation_constraint) ... ok
test_parity_scope_and_second_eigenvalue_are_bound (snapshot_test_v275.AdaptiveSingularTests.test_parity_scope_and_second_eigenvalue_are_bound) ... ok
test_residual_frontier_finds_the_missing_fractional_power (snapshot_test_v275.AdaptiveSingularTests.test_residual_frontier_finds_the_missing_fractional_power) ... ok
test_residual_refinement_does_not_drop_constraint_or_budget (snapshot_test_v275.AdaptiveSingularTests.test_residual_refinement_does_not_drop_constraint_or_budget) ... ok

----------------------------------------------------------------------
Ran 17 tests in 0.220s

OK
