SNAPSHOT_RESULT_JSON={"version": 287, "python": "3.12.14 (main, Aug 25 2026, 13:50:33) [Clang 22.1.3 ]", "production_module": "/PROJECT/outputs/geometry_strategy_v238_v317/iterations/v287/source/research_controller.py", "production_sha256_at_import": "853a4ed2e9c41bf10e5e856a38dbe61f4e91e1f909f07ed7e47af3bd3f3966fc", "production_sha256_after_tests": "853a4ed2e9c41bf10e5e856a38dbe61f4e91e1f909f07ed7e47af3bd3f3966fc", "test_module": "/PROJECT/outputs/geometry_strategy_v238_v317/iterations/v287/source/test_research_controller.py", "tests_run": 21, "failures": 0, "errors": 0, "skipped": 0, "skip_reasons": [], "snapshot_production_loaded": true, "project_module_paths": {"spectral_certifier": "/PROJECT/outputs/geometry_v36_v90/spectral_certifier.py", "error_bounds": "/PROJECT/outputs/geometry_v36_v90/error_bounds.py", "v05_range": "/PROJECT/outputs/geometry_v36_v90/v05_range.py", "sphere_sectors": "/PROJECT/outputs/geometry_v91_v94/sphere_sectors.py", "projected_spectrum": "/PROJECT/outputs/geometry_v91_v94/projected_spectrum.py", "exact_extrema": "/PROJECT/outputs/geometry_v36_v90/exact_extrema.py", "common": "/PROJECT/outputs/geometry_cycles_v95_v194/common.py", "constraints": "/PROJECT/outputs/geometry_cycles_v95_v194/constraints.py", "ordered_spectrum": "/PROJECT/outputs/geometry_cycles_v95_v194/ordered_spectrum.py", "gn_variation": "/PROJECT/outputs/geometry_cycles_v95_v194/gn_variation.py", "anisotropic": "/PROJECT/outputs/geometry_cycles_v95_v194/anisotropic.py", "witness": "/PROJECT/outputs/geometry_cycles_v95_v194/witness.py", "precision": "/PROJECT/outputs/geometry_cycles_v95_v194/precision.py", "wide_potential": "/PROJECT/outputs/geometry_cycles_v95_v194/wide_potential.py", "parameter_family": "/PROJECT/outputs/geometry_cycles_v95_v194/parameter_family.py", "global_parameter": "/PROJECT/outputs/geometry_cycles_v95_v194/global_parameter.py", "sphere_scale": "/PROJECT/outputs/geometry_cycles_v95_v194/sphere_scale.py", "portal": "/PROJECT/outputs/geometry_cycles_v95_v194/portal.py", "support": "/PROJECT/outputs/geometry_retests_v195_v234/support.py", "global_constraints": "/PROJECT/outputs/geometry_retests_v195_v234/global_constraints.py", "parity_spectrum": "/PROJECT/outputs/geometry_retests_v195_v234/parity_spectrum.py", "dependencies": "/PROJECT/outputs/geometry_general_v235_v237/dependencies.py", "function_models": "/PROJECT/outputs/geometry_general_v235_v237/function_models.py", "spectral_transfer": "/PROJECT/outputs/geometry_general_v235_v237/spectral_transfer.py", "bridge": "/PROJECT/outputs/geometry_precision_followup/bridge.py", "direct_moments": "/PROJECT/outputs/geometry_precision_followup/direct_moments.py", "piecewise_models": "/PROJECT/outputs/geometry_precision_followup/piecewise_models.py", "enriched_trial": "/PROJECT/outputs/geometry_precision_followup/enriched_trial.py", "precision_tool": "/PROJECT/outputs/geometry_precision_followup/precision_tool.py", "backend": "/PROJECT/outputs/geometry_strategy_v238_v317/backend.py", "research_controller": "/PROJECT/outputs/geometry_strategy_v238_v317/iterations/v287/source/research_controller.py", "snapshot_test_v287": "/PROJECT/outputs/geometry_strategy_v238_v317/iterations/v287/source/test_research_controller.py"}, "successful": true}

test_actions_cannot_change_scope_or_domain (snapshot_test_v287.ControllerTests.test_actions_cannot_change_scope_or_domain) ... ok
test_adaptive_same_shape_diagnostic_fixture_and_refinement (snapshot_test_v287.ControllerTests.test_adaptive_same_shape_diagnostic_fixture_and_refinement) ... ok
test_automatic_routes_obey_structure_and_goal (snapshot_test_v287.ControllerTests.test_automatic_routes_obey_structure_and_goal) ... ok
test_capability_callback_extends_dispatch_without_self_certification (snapshot_test_v287.ControllerTests.test_capability_callback_extends_dispatch_without_self_certification) ... ok
test_failed_specialized_solver_falls_back_and_is_costed (snapshot_test_v287.ControllerTests.test_failed_specialized_solver_falls_back_and_is_costed) ... ok
test_forged_verified_flag_cannot_accept (snapshot_test_v287.ControllerTests.test_forged_verified_flag_cannot_accept) ... ok
test_injected_verifier_gets_exact_original_bindings (snapshot_test_v287.ControllerTests.test_injected_verifier_gets_exact_original_bindings) ... ok
test_invalid_certificate_falls_back_without_trusting_self_report (snapshot_test_v287.ControllerTests.test_invalid_certificate_falls_back_without_trusting_self_report) ... ok
test_late_valid_certificate_is_not_budget_success (snapshot_test_v287.ControllerTests.test_late_valid_certificate_is_not_budget_success) ... ok
test_malformed_budgets_are_not_ignored (snapshot_test_v287.ControllerTests.test_malformed_budgets_are_not_ignored) ... ok
test_no_gain_stops_and_preserves_the_best_replayed_result (snapshot_test_v287.ControllerTests.test_no_gain_stops_and_preserves_the_best_replayed_result) ... ok
test_real_approximation_partition_changes_the_right_parameter (snapshot_test_v287.ControllerTests.test_real_approximation_partition_changes_the_right_parameter) ... ok
test_real_full_residual_separates_coefficients_and_representation (snapshot_test_v287.ControllerTests.test_real_full_residual_separates_coefficients_and_representation) ... ok
test_real_incremental_budget_reaches_approximation_goal (snapshot_test_v287.ControllerTests.test_real_incremental_budget_reaches_approximation_goal) ... ok
test_real_route_comparison_uses_two_probes_then_better_branch (snapshot_test_v287.ControllerTests.test_real_route_comparison_uses_two_probes_then_better_branch) ... ok
test_real_spectral_bottleneck_selects_angular_or_radial_work (snapshot_test_v287.ControllerTests.test_real_spectral_bottleneck_selects_angular_or_radial_work) ... ok
test_real_spectral_goal_is_distinct (snapshot_test_v287.ControllerTests.test_real_spectral_goal_is_distinct) ... ok
test_real_step_approximation_is_exact (snapshot_test_v287.ControllerTests.test_real_step_approximation_is_exact) ... ok
test_unsupported_approximation_never_calls_solver (snapshot_test_v287.ControllerTests.test_unsupported_approximation_never_calls_solver) ... ok
test_work_budget_prevents_starting_unaffordable_action (snapshot_test_v287.ControllerTests.test_work_budget_prevents_starting_unaffordable_action) ... ok
test_zero_wall_budget_starts_no_backend (snapshot_test_v287.ControllerTests.test_zero_wall_budget_starts_no_backend) ... ok

----------------------------------------------------------------------
Ran 21 tests in 0.137s

OK
