v11_fixed12_tilt epsilon_global 0.2196 seconds
v13_tilt epsilon_global 0.0754 seconds
v14_tilt epsilon_global 0.0729 seconds
v15_tilt epsilon_global 0.0643 seconds
v22_tilt epsilon_global 0.0554 seconds
v13_fixed4_floor global_gap_open 0.0784 seconds
v16_independent_moments epsilon_global 0.842 seconds
v16_cuts epsilon_global 0.8279 seconds
v17_3d epsilon_global 0.9833 seconds
v18_3d epsilon_global 0.4002 seconds
v22_3d epsilon_global 0.436 seconds
v17_4d global_gap_open 6.6584 seconds
v18_4d epsilon_global 5.6254 seconds
v22_4d epsilon_global 6.3256 seconds
v19_three_to_two epsilon_global 0.1669 seconds
v20_symmetric epsilon_global 0.0075 seconds
v20_asymmetric epsilon_global 0.0192 seconds
v20_budget_open global_gap_open 0.0107 seconds
v20_two_design_two_uncertainty epsilon_global 0.104 seconds
v21_target_1_2 epsilon_global 0.0584 seconds
v21_target_9_10 epsilon_global 0.1686 seconds
v21_target_2 certified_infeasible 0.0001 seconds
v21_feasibility_not_found feasibility_not_found 0.0014 seconds
v15_extra_weak epsilon_global 0.0057 seconds
v22_extra_weak epsilon_global 0.0056 seconds
v15_extra_asymmetric_quadratic epsilon_global 0.0601 seconds
v22_extra_asymmetric_quadratic epsilon_global 0.05 seconds
v15_extra_even_quartic_2d epsilon_global 1.9717 seconds
v22_extra_even_quartic_2d epsilon_global 1.961 seconds
v15_extra_spectral_action epsilon_global 0.0529 seconds
v22_extra_spectral_action epsilon_global 0.052 seconds
