v23_expression_compilation verified_component — 0.000113
v24_full_sphere_ground proved 1 0.007568
v25_without_elimination proved 195 3.031632
v25_with_elimination proved 3 0.017502
v26_full_box proved 13 0.057311
v26_half_box proved 7 0.037411
v27_four_parameters proved 27 0.606039
v27_one_effective_parameter proved 3 0.027497
v28_optimize_then_decide refuted 37 0.236356
v28_targeted_decision refuted 5 0.023724
v29_scalar_linear_lemma scale_enclosed — 0.000193
v29_scalar_quadratic_lemma scale_enclosed — 0.00033
v29_scalar_degree_six_lemma scale_enclosed — 0.003987
v30_matrix_lemma scale_enclosed — 0.000512
v30_nonidentity_weight scale_enclosed — 0.002934
v30_scale_budget_open scale_gap_open — 0.001487
v31_affine_dominance_transfer proved 0 0.004776
v32_uniform_linear proved 0 0.001046
v32_no_lemmas_uniform_linear unresolved 65 0.563285
v32_uniform_two_directions proved 0 0.002757
v32_no_lemmas_uniform_two_directions unresolved 94 1.759342
v32_counterexample refuted 3 0.01835
v32_too_weak_lemma unresolved 43 0.169084
v32_four_parameter_counterexample refuted 5 0.037616
v32_generic_asymmetric proved 3 0.035093
v32_no_lemmas_generic_asymmetric proved 3 0.033509
