v30_identity_linear valid_envelope 0.25 0.000301
v34_optimized_linear global_gap_closed 0.25 0.005501
v30_identity_odd_even valid_envelope 0.5 0.000784
v34_optimized_odd_even global_gap_closed 0.33736782277777727 0.06547
v30_identity_nonorthogonal valid_envelope 2.551275650686067 0.004619
v34_optimized_nonorthogonal global_gap_closed 1.445409460328711 0.211351
v30_identity_quartic valid_envelope 0.5 0.001596
v34_optimized_quartic global_gap_closed 0.2974074252677113 0.066262
v30_identity_degree_six valid_envelope 0.5 0.002612
v34_optimized_degree_six global_gap_closed 0.2815281070831238 0.032009
v30_identity_three_directions valid_envelope 0.9375 0.00177
v34_optimized_three_directions global_gap_closed 0.45317111311930935 0.223917
v30_identity_four_directions valid_envelope 1.25 0.003118
v34_optimized_four_directions global_gap_closed 0.5160338420352266 1.152336
v30_identity_weighted_cost valid_envelope 0.75 0.000741
v34_optimized_weighted_cost global_gap_closed 0.5954867355857535 0.217211
v34_one_round global_gap_open 0.33797932091174765 0.014747
v34_range_budget global_gap_open 0.32032867563911327 0.021087
v32_anisotropic_goal unresolved 0.00011222278004588202 2.170818
v35_anisotropic_goal proved None 0.004307
v32_mapped_goal unresolved 1.8470398430938867e-05 2.789523
v35_mapped_goal proved None 0.005069
v35_weak_poisson_ansatz unresolved 0.0 0.151711
v35_counterexample refuted -0.15728535063002505 0.022671
v32_generic proved 1.3675885338927893 0.040336
v35_generic proved 1.3675885338927893 0.041802
