test_recorded_comparison (test_exact_extrema.ComparisonTests) ... ok
test_all_bound_components_contain_known_stationary_values (test_exact_extrema.ExactExtremaTests) ... ok
test_boundary_root_cannot_be_omitted (test_exact_extrema.ExactExtremaTests) ... ok
test_close_roots_require_honest_isolation (test_exact_extrema.ExactExtremaTests) ... ok
test_constants_affine_and_singleton (test_exact_extrema.ExactExtremaTests) ... ok
test_degree32_monotone (test_exact_extrema.ExactExtremaTests) ... ok
test_even_reduction_on_all_interval_positions (test_exact_extrema.ExactExtremaTests) ... ok
test_float_suggestions_are_only_untrusted_proposals (test_exact_extrema.ExactExtremaTests) ... ok
test_interval_newton_contraction_encloses_irrational_root (test_exact_extrema.ExactExtremaTests) ... ok
test_irrational_critical_points (test_exact_extrema.ExactExtremaTests) ... ok
test_known_rational_extrema_randomized (test_exact_extrema.ExactExtremaTests) ... ok
test_malformed_inputs_and_certificates (test_exact_extrema.ExactExtremaTests) ... ok
test_multiple_peaks_and_complete_critical_coverage (test_exact_extrema.ExactExtremaTests) ... ok
test_one_sided_sturm_counts_at_every_boundary (test_exact_extrema.ExactExtremaTests) ... ok
test_repeated_rational_flat_peak (test_exact_extrema.ExactExtremaTests) ... ok
test_replay_does_not_repeat_search (test_exact_extrema.ExactExtremaTests) ... ok
test_stationary_inflection_and_endpoint_roots (test_exact_extrema.ExactExtremaTests) ... ok
test_sturm_negative_leading_remainders (test_exact_extrema.ExactExtremaTests) ... ok
test_tampering_and_gaps_are_rejected (test_exact_extrema.ExactExtremaTests) ... ok
test_zero_budget_and_successive_refinement (test_exact_extrema.ExactExtremaTests) ... ok
test_all_new_tasks_restore_with_exact_bound_evidence (test_integration_audit.IntegrationAudit) ... ok
test_backend_registry_is_allowlisted_and_does_not_trust_json_names (test_integration_audit.IntegrationAudit) ... ok
test_classical_analytic_dependency_survives_budget_and_restore (test_integration_audit.IntegrationAudit) ... ok
test_classical_disclosure_cannot_be_removed_from_verified_receipt (test_integration_audit.IntegrationAudit) ... ok
test_complete_budget_envelope_counts_both_encodings_and_exact_boundary (test_integration_audit.IntegrationAudit) ... ok
test_context_uses_per_task_scope_for_extrema_and_mixed_research (test_integration_audit.IntegrationAudit) ... ok
test_each_research_task_rejects_different_exact_content_binding (test_integration_audit.IntegrationAudit) ... ok
test_every_new_decision_rounds_each_bound_in_the_safe_direction (test_integration_audit.IntegrationAudit) ... ok
test_exact_backend_rejects_valid_range_for_wrong_domain (test_integration_audit.IntegrationAudit) ... ok
test_extrema_keeps_original_interval_without_spectral_scope (test_integration_audit.IntegrationAudit) ... ok
test_five_new_operations_run_in_jsonl_and_each_complete_packet_fits (test_integration_audit.IntegrationAudit) ... ok
test_insufficient_budget_reports_smallest_complete_available_envelope (test_integration_audit.IntegrationAudit) ... ok
test_jsonl_count_includes_complete_emitted_result_and_preserves_disclosure (test_integration_audit.IntegrationAudit) ... ok
test_jsonl_null_reference_errors_do_not_abort_later_requests (test_integration_audit.IntegrationAudit) ... ok
test_jsonl_rejected_new_inputs_have_no_verdict_and_recover (test_integration_audit.IntegrationAudit) ... ok
test_matrix_and_family_scopes_retain_poisson_limitation (test_integration_audit.IntegrationAudit) ... ok
test_new_evidence_tamper_is_rejected_before_projection (test_integration_audit.IntegrationAudit) ... ok
test_obstruction_is_not_a_spectral_counterexample (test_integration_audit.IntegrationAudit) ... ok
test_original_goal_all_three_statuses_keep_true_objective_and_source (test_integration_audit.IntegrationAudit) ... ok
test_positive_summary_separates_closed_ansatz_and_open_spectral_gap (test_integration_audit.IntegrationAudit) ... ok
test_precise_family_cannot_enter_legacy_library_by_format_confusion (test_integration_audit.IntegrationAudit) ... ok
test_error_budget_accounts_for_objective_scale (test_matrix_refine.BudgetAndProofTests) ... ok
test_failed_candidate_retains_valid_fallback (test_matrix_refine.BudgetAndProofTests) ... ok
test_injected_legacy_range_evaluator_is_used (test_matrix_refine.BudgetAndProofTests) ... ok
test_invalid_budgets (test_matrix_refine.BudgetAndProofTests) ... ok
test_search_metadata_has_no_mathematical_authority (test_matrix_refine.BudgetAndProofTests) ... ok
test_tampered_bound_is_rejected (test_matrix_refine.BudgetAndProofTests) ... ok
test_weak_candidate_does_not_claim_convergence (test_matrix_refine.BudgetAndProofTests) ... ok
test_wrong_range_polynomial_is_rejected_and_falls_back (test_matrix_refine.BudgetAndProofTests) ... ok
test_zero_round_scalar_exact_proof (test_matrix_refine.BudgetAndProofTests) ... ok
test_huge_common_atom_scale_does_not_exhaust_bisection (test_matrix_refine.ConstraintAndDualTests) ... ok
test_merging_identical_a_preserves_objective_and_sum (test_matrix_refine.ConstraintAndDualTests) ... ok
test_negative_atom_rejected (test_matrix_refine.ConstraintAndDualTests) ... ok
test_nondiagonal_cost_downward_repair_and_slack_fill (test_matrix_refine.ConstraintAndDualTests) ... ok
test_psd_factor_rounding_handles_rank_deficiency (test_matrix_refine.ConstraintAndDualTests) ... ok
test_sample_budget_always_admits_new_separators (test_matrix_refine.ConstraintAndDualTests) ... ok
test_scalar_dominance_is_exact (test_matrix_refine.ConstraintAndDualTests) ... ok
test_slack_fill_is_bound_to_cost_and_directions (test_matrix_refine.ConstraintAndDualTests) ... ok
test_sparsity_discards_zero_contribution_and_refills (test_matrix_refine.ConstraintAndDualTests) ... ok
test_upward_repair_improves_old_capped_scaling (test_matrix_refine.ConstraintAndDualTests) ... ok
test_dual_coordinate_pullback (test_matrix_refine.CoordinateTests) ... ok
test_exact_decorrelation (test_matrix_refine.CoordinateTests) ... ok
test_nonsymmetric_transform_and_nondiagonal_cost (test_matrix_refine.CoordinateTests) ... ok
test_singular_and_wrong_size_transform_rejected (test_matrix_refine.CoordinateTests) ... ok
test_actual_error_improvement (test_matrix_refine.SearchAndContinuationTests) ... ok
test_corrupt_optional_warm_cache_is_ignored (test_matrix_refine.SearchAndContinuationTests) ... ok
test_four_directions_close (test_matrix_refine.SearchAndContinuationTests) ... ok
test_internal_preconditioning_does_not_reapply_input_denominator_limit (test_matrix_refine.SearchAndContinuationTests) ... ok
test_nondiagonal_cost_closes (test_matrix_refine.SearchAndContinuationTests) ... ok
test_scaled_coordinates_improve_v34_at_same_round_budget (test_matrix_refine.SearchAndContinuationTests) ... ok
test_seed_bounds_are_independently_monotone (test_matrix_refine.SearchAndContinuationTests) ... ok
test_seed_rejects_wrong_problem_and_tampering (test_matrix_refine.SearchAndContinuationTests) ... ok
test_seed_survives_failed_continuation (test_matrix_refine.SearchAndContinuationTests) ... ok
test_zero_work_reuses_both_exact_bounds (test_matrix_refine.SearchAndContinuationTests) ... ok
test_adaptive_removes_spectral_floor (test_new_versions.V13AdaptiveTests) ... ok
test_false_global_claim_rejected (test_new_versions.V13AdaptiveTests) ... ok
test_invalid_budget_rejected (test_new_versions.V13AdaptiveTests) ... ok
test_odd_maximum_is_attempted (test_new_versions.V13AdaptiveTests) ... ok
test_point_upper_is_actual_trial (test_new_versions.V13AdaptiveTests) ... ok
test_small_budget_remains_open (test_new_versions.V13AdaptiveTests) ... ok
test_constant_shift_reuses (test_new_versions.V14OrbitTests) ... ok
test_even_change_not_equivalent (test_new_versions.V14OrbitTests) ... ok
test_orbit_path_same_global_interval (test_new_versions.V14OrbitTests) ... ok
test_reflection_reuses_search_and_checks_dense (test_new_versions.V14OrbitTests) ... ok
test_tampered_reflection_bound_rejected (test_new_versions.V14OrbitTests) ... ok
test_cell_bound_not_weaker (test_new_versions.V15SimplexTests) ... ok
test_center_coordinate_must_match (test_new_versions.V15SimplexTests) ... ok
test_indefinite_minimum_vertex (test_new_versions.V15SimplexTests) ... ok
test_simplex_uses_fewer_points_on_trap (test_new_versions.V15SimplexTests) ... ok
test_singular_minimum_on_boundary (test_new_versions.V15SimplexTests) ... ok
test_triangle_interior_minimum (test_new_versions.V15SimplexTests) ... ok
test_bounded_domain_cannot_use_stationarity (test_new_versions.V16MomentTests) ... ok
test_cuts_are_actually_used (test_new_versions.V16MomentTests) ... ok
test_impossible_variance_cell (test_new_versions.V16MomentTests) ... ok
test_mislabeled_domain_rejected (test_new_versions.V16MomentTests) ... ok
test_nonpositive_hessian_rejected (test_new_versions.V16MomentTests) ... ok
test_realizable_moments_not_excluded (test_new_versions.V16MomentTests) ... ok
test_wrong_moment_polynomial_gets_no_cut (test_new_versions.V16MomentTests) ... ok
test_dimension_above_budget_rejected (test_new_versions.V17TensorTests) ... ok
test_forged_bernstein_lower_rejected (test_new_versions.V17TensorTests) ... ok
test_lower_bound_covers_samples (test_new_versions.V17TensorTests) ... ok
test_old_version_rejects_dimension (test_new_versions.V17TensorTests) ... ok
test_tensor_reproduces_polynomial (test_new_versions.V17TensorTests) ... ok
test_three_parameter_global_certificate (test_new_versions.V17TensorTests) ... ok
test_direct_expansion_matches_subdivision (test_new_versions.V18SubdivisionTests) ... ok
test_missing_child_rejected (test_new_versions.V18SubdivisionTests) ... ok
test_nested_refinement_monotone (test_new_versions.V18SubdivisionTests) ... ok
test_subdivision_removes_artificial_negative_bound (test_new_versions.V18SubdivisionTests) ... ok
test_tampered_coefficient_rejected (test_new_versions.V18SubdivisionTests) ... ok
test_zero_polynomial_stops (test_new_versions.V18SubdivisionTests) ... ok
test_affine_map_satisfies_all_rows (test_new_versions.V19EqualityTests) ... ok
test_corrupt_basis_rejected (test_new_versions.V19EqualityTests) ... ok
test_full_rank_has_explicit_limit (test_new_versions.V19EqualityTests) ... ok
test_global_certificate_and_lift (test_new_versions.V19EqualityTests) ... ok
test_inconsistent_equalities_rejected (test_new_versions.V19EqualityTests) ... ok
test_quadratic_and_operator_transform_exact (test_new_versions.V19EqualityTests) ... ok
test_asymmetric_robust_global_certificate (test_new_versions.V20RobustTests) ... ok
test_budget_exhaustion_stays_open (test_new_versions.V20RobustTests) ... ok
test_forged_rayleigh_plane_rejected (test_new_versions.V20RobustTests) ... ok
test_missing_uncertainty_vertex_rejected (test_new_versions.V20RobustTests) ... ok
test_negative_dual_weight_rejected (test_new_versions.V20RobustTests) ... ok
test_symmetric_optimum_at_zero (test_new_versions.V20RobustTests) ... ok
test_blended_trial_has_exact_feasibility (test_new_versions.V21ConstrainedTests) ... ok
test_full_function_constraint_global_gap (test_new_versions.V21ConstrainedTests) ... ok
test_impossible_target_proved (test_new_versions.V21ConstrainedTests) ... ok
test_infeasible_trial_rejected (test_new_versions.V21ConstrainedTests) ... ok
test_negative_multiplier_rejected (test_new_versions.V21ConstrainedTests) ... ok
test_no_feasible_trial_not_called_infeasible (test_new_versions.V21ConstrainedTests) ... ok
test_wrong_tilted_operator_rejected (test_new_versions.V21ConstrainedTests) ... ok
test_action_budget_not_a_proof (test_new_versions.V22SchedulerTests) ... ok
test_actual_point_refinement_keeps_validity (test_new_versions.V22SchedulerTests) ... ok
test_distinct_objective_requires_its_entry_point (test_new_versions.V22SchedulerTests) ... ok
test_four_parameter_refined_certificate (test_new_versions.V22SchedulerTests) ... ok
test_invalid_scheduler_budget_rejected (test_new_versions.V22SchedulerTests) ... ok
test_polynomial_refinement_action_used (test_new_versions.V22SchedulerTests) ... ok
test_scheduled_global_trap (test_new_versions.V22SchedulerTests) ... ok
test_scheduler_selects_spectral_action (test_new_versions.V22SchedulerTests) ... ok
test_split_coverage_tamper_rejected (test_new_versions.V22SchedulerTests) ... ok
test_axisymmetric_and_full_sphere_scopes_are_bound (test_original_goal.OriginalGoalTests) ... ok
test_classical_theorem_trust_is_explicit_and_separate (test_original_goal.OriginalGoalTests) ... ok
test_constant_trial_is_reintegrated_in_the_original_coordinates (test_original_goal.OriginalGoalTests) ... ok
test_fixed_polynomial_remainder_and_affine_parameter_mixing (test_original_goal.OriginalGoalTests) ... ok
test_indefinite_box_quadratic_is_minimized_over_entire_box (test_original_goal.OriginalGoalTests) ... ok
test_json_roundtrip_and_invalid_records (test_original_goal.OriginalGoalTests) ... ok
test_non_even_fixed_polynomial_remainder_uses_full_range (test_original_goal.OriginalGoalTests) ... ok
test_nonlinear_fixed_potential_range_has_complete_evidence (test_original_goal.OriginalGoalTests) ... ok
test_nullspace_linear_relaxation_diagnostic (test_original_goal.OriginalGoalTests) ... ok
test_old_threshold_semantics_and_strict_refutation (test_original_goal.OriginalGoalTests) ... ok
test_original_box_exact_zero_and_normalized_domain (test_original_goal.OriginalGoalTests) ... ok
test_original_goal_exact_zero_with_both_independent_rules (test_original_goal.OriginalGoalTests) ... ok
test_rank_deficient_affine_directions_and_passive_parameters (test_original_goal.OriginalGoalTests) ... ok
test_reject_unproved_requested_uniform_coefficients (test_original_goal.OriginalGoalTests) ... ok
test_spectral_refutation_uses_original_constant_trial (test_original_goal.OriginalGoalTests) ... ok
test_tamper_original_goal_operator_domain_and_threshold (test_original_goal.OriginalGoalTests) ... ok
test_tamper_remainder_and_derived_quadratic (test_original_goal.OriginalGoalTests) ... ok
test_tamper_uniform_lemma_and_refuse_finite_box_promotion (test_original_goal.OriginalGoalTests) ... ok
test_tamper_upper_witness_cannot_smuggle_local_energy_as_spectral_upper (test_original_goal.OriginalGoalTests) ... ok
test_unbounded_lower_relaxation_is_not_called_spectral_refutation (test_original_goal.OriginalGoalTests) ... ok
test_unsupported_inputs_fail_explicitly (test_original_goal.OriginalGoalTests) ... ok
test_zero_parameter_problem_and_constant_trial_normalization (test_original_goal.OriginalGoalTests) ... ok
test_actual_rayleigh_refutation_for_nonlinear_fixed_potential (test_original_goal_audit.OriginalGoalIndependentAudit) ... ok
test_constant_energy_shift_changes_bounds_and_threshold_together (test_original_goal_audit.OriginalGoalIndependentAudit) ... ok
test_degenerate_parameter_box_is_rejected_by_existing_compiler (test_original_goal_audit.OriginalGoalIndependentAudit) ... ok
test_degree_six_noneven_remainder_binding_and_reintegration (test_original_goal_audit.OriginalGoalIndependentAudit) ... ok
test_four_parameter_offset_constants_slopes_and_cross_terms (test_original_goal_audit.OriginalGoalIndependentAudit) ... ok
test_genuine_failed_or_finite_lemma_is_not_success (test_original_goal_audit.OriginalGoalIndependentAudit) ... ok
test_nonconvex_box_minimum_on_face_interior (test_original_goal_audit.OriginalGoalIndependentAudit) ... ok
test_singular_face_does_not_hide_nonconvex_global_minimum (test_original_goal_audit.OriginalGoalIndependentAudit) ... ok
test_spaces_and_strict_threshold_boundary (test_original_goal_audit.OriginalGoalIndependentAudit) ... ok
test_true_goal_with_unbounded_lower_relaxation_stays_unresolved (test_original_goal_audit.OriginalGoalIndependentAudit) ... ok
test_certified_spectral_lower_can_exceed_smaller_basis_ansatz_upper (test_positive_audit.BoundMeaningAudit) ... ok
test_closed_ansatz_gap_does_not_close_spectral_gap (test_positive_audit.BoundMeaningAudit) ... ok
test_exact_local_energy_identity_and_infimum (test_positive_audit.BoundMeaningAudit) ... ok
test_nonorthogonal_basis_change_preserves_actual_bounds (test_positive_audit.BoundMeaningAudit) ... ok
test_rayleigh_allows_signed_trial_and_is_scale_invariant (test_positive_audit.BoundMeaningAudit) ... ok
test_rayleigh_kinetic_potential_and_norm_match_manual_integrals (test_positive_audit.BoundMeaningAudit) ... ok
test_without_rayleigh_no_spectral_upper_is_emitted (test_positive_audit.BoundMeaningAudit) ... ok
test_almost_normalized_probability_is_not_accepted (test_positive_audit.ProbabilityAndTamperAudit) ... ok
test_atom_splitting_reordering_and_zero_mass_preserve_moments (test_positive_audit.ProbabilityAndTamperAudit) ... ok
test_certificates_for_different_potential_or_basis_cannot_be_spliced (test_positive_audit.ProbabilityAndTamperAudit) ... ok
test_probability_gram_and_optimizer_tampering_are_rejected (test_positive_audit.ProbabilityAndTamperAudit) ... ok
test_rank_one_gram_with_nullspace_is_certified_exactly (test_positive_audit.ProbabilityAndTamperAudit) ... ok
test_scope_relabeling_and_ansatz_to_spectral_copy_are_rejected (test_positive_audit.ProbabilityAndTamperAudit) ... ok
test_backend_bounds_must_be_ordered_exact_fractions (test_positive_audit.RangeBackendAudit) ... ok
test_backend_name_alone_does_not_confer_proof_trust (test_positive_audit.RangeBackendAudit) ... ok
test_default_range_partition_and_infimum_claims_are_replayed (test_positive_audit.RangeBackendAudit) ... ok
test_default_shift_preserves_full_partition_and_proof_gap (test_positive_audit.RangeBackendAudit) ... ok
test_subclass_wrapped_backend_shift_uses_its_explicit_verifier (test_positive_audit.RangeBackendAudit) ... ok
test_wrapped_range_proof_for_another_local_energy_is_rejected (test_positive_audit.RangeBackendAudit) ... ok
test_basis_quotient_by_constants_and_dimension_validation (test_positive_search.ExactPositiveTests) ... ok
test_degree_six_local_energy_uses_full_degree_twelve (test_positive_search.ExactPositiveTests) ... ok
test_even_symmetrization_exact_nonnegative_identity (test_positive_search.ExactPositiveTests) ... ok
test_exact_global_scalar_ansatz_optimum (test_positive_search.ExactPositiveTests) ... ok
test_gram_completion_of_square (test_positive_search.ExactPositiveTests) ... ok
test_known_local_energy_and_exact_improvement (test_positive_search.ExactPositiveTests) ... ok
test_poisson_initialization_reproduces_full_solution (test_positive_search.ExactPositiveTests) ... ok
test_probability_constraints_exact (test_positive_search.ExactPositiveTests) ... ok
test_rayleigh_is_independent_exact_spectral_upper (test_positive_search.ExactPositiveTests) ... ok
test_singular_consistent_probability_gram (test_positive_search.ExactPositiveTests) ... ok
test_singular_unbounded_probability_gram_rejected (test_positive_search.ExactPositiveTests) ... ok
test_ansatz_upper_provably_is_not_spectral_upper (test_positive_search.SearchAndAdversarialTests) ... ok
test_constant_potential (test_positive_search.SearchAndAdversarialTests) ... ok
test_energy_shift_preserves_all_certified_gaps (test_positive_search.SearchAndAdversarialTests) ... ok
test_exhausted_budget_retains_open_gap (test_positive_search.SearchAndAdversarialTests) ... ok
test_external_range_hook_requires_explicit_trusted_verifier (test_positive_search.SearchAndAdversarialTests) ... ok
test_failed_proposal_is_retained_and_exact_fallback_used (test_positive_search.SearchAndAdversarialTests) ... ok
test_fixed_potential_and_basis_binding (test_positive_search.SearchAndAdversarialTests) ... ok
test_general_noneven_potential_search (test_positive_search.SearchAndAdversarialTests) ... ok
test_strong_potential_no_false_failure_or_claim (test_positive_search.SearchAndAdversarialTests) ... ok
test_tampering_all_derived_lower_claims_is_rejected (test_positive_search.SearchAndAdversarialTests) ... ok
test_tampering_upper_and_combined_claims_is_rejected (test_positive_search.SearchAndAdversarialTests) ... ok
test_verified_improvement_and_global_ansatz_gap (test_positive_search.SearchAndAdversarialTests) ... ok
test_budget_and_input_validation (test_precision_bridge.BackendTests) ... ok
test_minimum_sign_and_budget_conversion (test_precision_bridge.BackendTests) ... ok
test_open_proof_remains_a_valid_minimum_bound (test_precision_bridge.BackendTests) ... ok
test_polynomial_domain_and_tampering_binding (test_precision_bridge.BackendTests) ... ok
test_positive_search_hook_requires_the_matching_backend (test_precision_bridge.BackendTests) ... ok
test_constant_direction_and_exact_zero_scale (test_precision_bridge.FamilyTests) ... ok
test_family_tampering (test_precision_bridge.FamilyTests) ... ok
test_invalid_weight_and_input_rejected (test_precision_bridge.FamilyTests) ... ok
test_same_exact_family_formula_and_new_format (test_precision_bridge.FamilyTests) ... ok
test_actual_improvement_and_unchanged_dual (test_precision_bridge.MatrixTests) ... ok
test_invalid_legacy_evidence_rejected (test_precision_bridge.MatrixTests) ... ok
test_matrix_binding_and_claim_tampering (test_precision_bridge.MatrixTests) ... ok
test_negative_gain_retains_verified_seed (test_precision_bridge.MatrixTests) ... ok
test_real_matrix_refine_wrapper_and_cost_scaling (test_precision_bridge.MatrixTests) ... ok
test_scalar_tie_and_exact_gap (test_precision_bridge.MatrixTests) ... ok
test_verification_does_not_repeat_synthesis (test_precision_bridge.MatrixTests) ... ok
test_wrapper_metadata_has_no_authority_and_input_is_not_mutated (test_precision_bridge.MatrixTests) ... ok
test_bound_tampering_rejected (test_proof_versions.V23Compiler) ... ok
test_code_injection_rejected (test_proof_versions.V23Compiler) ... ok
test_decimal_rejected (test_proof_versions.V23Compiler) ... ok
test_exact_expansion_and_cancellation (test_proof_versions.V23Compiler) ... ok
test_higher_index_rejected (test_proof_versions.V23Compiler) ... ok
test_nonlinear_potential_rejected (test_proof_versions.V23Compiler) ... ok
test_parameter_denominator_rejected (test_proof_versions.V23Compiler) ... ok
test_phi_dependence_rejected (test_proof_versions.V23Compiler) ... ok
test_quadratic_cross_coefficient (test_proof_versions.V23Compiler) ... ok
test_wrong_geometry_rejected (test_proof_versions.V23Compiler) ... ok
test_zero_parameter_fixed_problem (test_proof_versions.V23Compiler) ... ok
test_axisymmetric_precondition (test_proof_versions.V24SphereReduction) ... ok
test_boolean_spectral_index_rejected (test_proof_versions.V24SphereReduction) ... ok
test_fixed_solver_cannot_skip_scope_rule (test_proof_versions.V24SphereReduction) ... ok
test_forged_scope_reduction_rejected (test_proof_versions.V24SphereReduction) ... ok
test_lifted_trial_energy (test_proof_versions.V24SphereReduction) ... ok
test_other_coefficients_unchanged (test_proof_versions.V24SphereReduction) ... ok
test_scope_reduction_is_explicit (test_proof_versions.V24SphereReduction) ... ok
test_all_parameters_eliminated (test_proof_versions.V25PassiveElimination) ... ok
test_box_coupling_not_silently_eliminated (test_proof_versions.V25PassiveElimination) ... ok
test_box_indefinite_passive_coordinate (test_proof_versions.V25PassiveElimination) ... ok
test_conditional_minimum (test_proof_versions.V25PassiveElimination) ... ok
test_coupled_real_elimination_identity (test_proof_versions.V25PassiveElimination) ... ok
test_lift_tampering_rejected (test_proof_versions.V25PassiveElimination) ... ok
test_singular_passive_real_block_rejected (test_proof_versions.V25PassiveElimination) ... ok
test_even_odd_coupling_rejected (test_proof_versions.V26OrbitReduction) ... ok
test_half_box (test_proof_versions.V26OrbitReduction) ... ok
test_linear_penalty_breaks_symmetry (test_proof_versions.V26OrbitReduction) ... ok
test_mixed_parity_rejected (test_proof_versions.V26OrbitReduction) ... ok
test_nonsymmetric_domain_rejected (test_proof_versions.V26OrbitReduction) ... ok
test_simultaneous_reflection_of_multiple_parameters (test_proof_versions.V26OrbitReduction) ... ok
test_bad_map_rejected (test_proof_versions.V27RankCompression) ... ok
test_box_projection_cannot_reuse_real_fiber_formula (test_proof_versions.V27RankCompression) ... ok
test_fiber_perturbation_not_better (test_proof_versions.V27RankCompression) ... ok
test_four_to_one_exact_hessian (test_proof_versions.V27RankCompression) ... ok
test_full_rank_rejected (test_proof_versions.V27RankCompression) ... ok
test_indefinite_penalty_rejected (test_proof_versions.V27RankCompression) ... ok
test_lift_preserves_energy (test_proof_versions.V27RankCompression) ... ok
test_two_independent_directions (test_proof_versions.V27RankCompression) ... ok
test_boundary_budget_unresolved (test_proof_versions.V28Decisions) ... ok
test_change_query_invalidates_decision (test_proof_versions.V28Decisions) ... ok
test_counterexample_exact (test_proof_versions.V28Decisions) ... ok
test_fixed_operator (test_proof_versions.V28Decisions) ... ok
test_prove_without_optimizing_gap (test_proof_versions.V28Decisions) ... ok
test_quadratic_singular_real_min (test_proof_versions.V28Decisions) ... ok
test_quadratic_unbounded_linear_direction (test_proof_versions.V28Decisions) ... ok
test_centered_quadratic_family (test_proof_versions.V29PoissonTemplates) ... ok
test_changed_direction_rejected (test_proof_versions.V29PoissonTemplates) ... ok
test_constant_family (test_proof_versions.V29PoissonTemplates) ... ok
test_local_energy_identity (test_proof_versions.V29PoissonTemplates) ... ok
test_poisson_identity_degrees_one_to_six (test_proof_versions.V29PoissonTemplates) ... ok
test_uniform_linear_family (test_proof_versions.V29PoissonTemplates) ... ok
test_wrong_poisson_solution_rejected (test_proof_versions.V29PoissonTemplates) ... ok
test_combined_bound_beats_separate_cauchy_bound (test_proof_versions.V30MatrixTemplates) ... ok
test_degree_twelve_envelope (test_proof_versions.V30MatrixTemplates) ... ok
test_false_scale_rejected (test_proof_versions.V30MatrixTemplates) ... ok
test_nonidentity_weight (test_proof_versions.V30MatrixTemplates) ... ok
test_open_scale_budget_still_valid (test_proof_versions.V30MatrixTemplates) ... ok
test_pointwise_rank_one_domination (test_proof_versions.V30MatrixTemplates) ... ok
test_spd_required (test_proof_versions.V30MatrixTemplates) ... ok
test_subdivision_cover_rejected (test_proof_versions.V30MatrixTemplates) ... ok
test_affine_shift_and_positive_remainder (test_proof_versions.V31Transport) ... ok
test_constant_parameter_terms (test_proof_versions.V31Transport) ... ok
test_forged_template_identifier_rejected (test_proof_versions.V31Transport) ... ok
test_multivariate_affine_reuse (test_proof_versions.V31Transport) ... ok
test_negative_remainder_not_ignored (test_proof_versions.V31Transport) ... ok
test_nonmatching_direction_rejected (test_proof_versions.V31Transport) ... ok
test_too_weak_all_real_lemma_not_a_proof (test_proof_versions.V31Transport) ... ok
test_wrong_parameter_map_rejected (test_proof_versions.V31Transport) ... ok
test_bad_query_binding_rejected (test_proof_versions.V32ProofSearch) ... ok
test_corrupt_witness_lift_rejected (test_proof_versions.V32ProofSearch) ... ok
test_counterexample_lifted_to_four_parameters (test_proof_versions.V32ProofSearch) ... ok
test_fixed_passive_pipeline (test_proof_versions.V32ProofSearch) ... ok
test_full_sphere_uniform_goal_zero_spectral_calls (test_proof_versions.V32ProofSearch) ... ok
test_library_reuse_without_synthesis (test_proof_versions.V32ProofSearch) ... ok
test_missing_scope_edge_rejected (test_proof_versions.V32ProofSearch) ... ok
test_no_false_model_comparison (test_proof_versions.V32ProofSearch) ... ok
test_too_weak_template_remains_unresolved (test_proof_versions.V32ProofSearch) ... ok
test_actual_jsonl_new_operations_and_invalid_recovery (test_research_service.ResearchServiceTests) ... ok
test_all_new_task_references_restore_in_fresh_service (test_research_service.ResearchServiceTests) ... ok
test_ansatz_obstruction_never_marked_original_disproof (test_research_service.ResearchServiceTests) ... ok
test_cli_verifies_new_and_rejects_tampered_formats (test_research_service.ResearchServiceTests) ... ok
test_each_new_receipt_roundtrip_and_full_wire_budget (test_research_service.ResearchServiceTests) ... ok
test_legacy_optimize_and_lemma_request_operations (test_research_service.ResearchServiceTests) ... ok
test_malformed_or_unknown_proofs_rejected (test_research_service.ResearchServiceTests) ... ok
test_matrix_globality_scope_preserved (test_research_service.ResearchServiceTests) ... ok
test_new_evidence_cannot_be_rebound_to_another_goal (test_research_service.ResearchServiceTests) ... ok
test_new_extrema_is_polynomial_not_spectral (test_research_service.ResearchServiceTests) ... ok
test_original_goal_exact_infimum_and_trust_disclosed (test_research_service.ResearchServiceTests) ... ok
test_positive_actual_rayleigh_bound_remains_separate (test_research_service.ResearchServiceTests) ... ok
test_positive_ansatz_upper_never_becomes_spectral_upper (test_research_service.ResearchServiceTests) ... ok
test_registered_new_formats_verify_without_search (test_research_service.ResearchServiceTests) ... ok
test_rounding_direction_for_every_bound_kind (test_research_service.ResearchServiceTests) ... ok
test_service_barta_no_log_sobolev_dependency (test_research_service.ResearchServiceTests) ... ok
test_service_refine_uses_exact_range_and_old_dual (test_research_service.ResearchServiceTests) ... ok
test_service_research_original_goal (test_research_service.ResearchServiceTests) ... ok
test_tiny_budget_has_no_invented_verdict (test_research_service.ResearchServiceTests) ... ok
test_uniform_counterexample_is_actual_disproof (test_research_service.ResearchServiceTests) ... ok
test_unknown_backend_not_loaded_from_json (test_research_service.ResearchServiceTests) ... ok
test_unsupported_geometry_and_hidden_defaults_rejected (test_research_service.ResearchServiceTests) ... ok
test_v37_v53_family_and_matrix_envelope_receipts_keep_ansatz_scope (test_token_protocol.BudgetAndStateTests) ... ok
test_v51_compacted_diagnostics_keep_status_and_reusable_receipt (test_token_protocol.BudgetAndStateTests) ... ok
test_v51_fitting_budget_reports_exact_text_tokens_and_complete_semantics (test_token_protocol.BudgetAndStateTests) ... ok
test_v51_too_small_budget_returns_error_without_truncated_theorem (test_token_protocol.BudgetAndStateTests) ... ok
test_v51_v52_forged_receipt_fields_and_invalid_budgets_are_rejected (test_token_protocol.BudgetAndStateTests) ... ok
test_v51_v53_omitted_diagnostic_receipt_remains_valid_across_lifecycle (test_token_protocol.BudgetAndStateTests) ... ok
test_v52_poll_unchanged_is_explicit_and_rechecks_evidence (test_token_protocol.BudgetAndStateTests) ... ok
test_v53_checkpoint_goal_references_require_correct_kind (test_token_protocol.BudgetAndStateTests) ... ok
test_v53_checkpoint_restores_exact_goals_decisions_bounds_and_library (test_token_protocol.BudgetAndStateTests) ... ok
test_v53_restore_rejects_wrong_proof_and_lemma_reference_kinds (test_token_protocol.BudgetAndStateTests) ... ok
test_v53_restore_requires_all_referenced_objects_and_valid_evidence (test_token_protocol.BudgetAndStateTests) ... ok
test_v54_v55_context_and_submit_are_reference_backed_and_budgeted (test_token_protocol.BudgetAndStateTests) ... ok
test_v55_jsonl_invalid_expression_is_nonfatal_and_has_no_verdict (test_token_protocol.CliTests) ... ok
test_v55_jsonl_solve_poll_checkpoint_and_context_chain (test_token_protocol.CliTests) ... ok
test_v55_single_call_persists_lemma_library_and_returns_exact_projection (test_token_protocol.CliTests) ... ok
test_v38_exact_independent_rounding_examples (test_token_protocol.DisplayTests) ... ok
test_v38_invalid_precision_is_rejected (test_token_protocol.DisplayTests) ... ok
test_v38_null_zero_and_exact_powers_are_preserved (test_token_protocol.DisplayTests) ... ok
test_v38_positive_and_negative_bounds_are_outward (test_token_protocol.DisplayTests) ... ok
test_v38_small_and_large_magnitudes_have_tight_enclosures (test_token_protocol.DisplayTests) ... ok
test_v42_explicit_profile_matches_full_goal (test_token_protocol.InputTests) ... ok
test_v42_profile_conflicts_and_unsupported_scope_are_rejected (test_token_protocol.InputTests) ... ok
test_v42_scope_domain_and_threshold_cannot_be_implicitly_defaulted (test_token_protocol.InputTests) ... ok
test_v43_packed_parameter_names_do_not_enable_expression_injection (test_token_protocol.InputTests) ... ok
test_v43_polynomial_packing_is_exact_through_degree_six (test_token_protocol.InputTests) ... ok
test_v43_v44_ambiguous_or_wrong_dimensions_are_rejected (test_token_protocol.InputTests) ... ok
test_v43_v44_zero_parameter_packed_problem_is_exact (test_token_protocol.InputTests) ... ok
test_v44_packed_hessian_matches_cross_term_convention (test_token_protocol.InputTests) ... ok
test_v45_patch_preserves_original_and_every_unstated_field (test_token_protocol.InputTests) ... ok
test_v45_patch_revalidates_domain_scope_and_parameter_dependencies (test_token_protocol.InputTests) ... ok
test_v39_invalid_and_traversal_references_are_rejected (test_token_protocol.ReferenceTests) ... ok
test_v39_reference_is_canonical_persistent_and_detached_from_input (test_token_protocol.ReferenceTests) ... ok
test_v39_stored_content_change_is_rejected_on_read_and_put (test_token_protocol.ReferenceTests) ... ok
test_v40_projection_rejects_invalid_escape_sequences (test_token_protocol.ReferenceTests) ... ok
test_v40_projection_rejects_invalid_paths_and_array_indices (test_token_protocol.ReferenceTests) ... ok
test_v40_projection_supports_rfc6901_escapes_and_exact_nested_evidence (test_token_protocol.ReferenceTests) ... ok
test_v41_invalid_page_requests_are_not_silently_clipped (test_token_protocol.ReferenceTests) ... ok
test_v41_pagination_reconstructs_every_item_with_explicit_completion (test_token_protocol.ReferenceTests) ... ok
test_v46_invalid_batch_size_is_rejected_before_any_solver_work (test_token_protocol.ServiceTests) ... ok
test_v46_v48_exception_filter_retains_complete_inventory_and_exact_evidence (test_token_protocol.ServiceTests) ... ok
test_v47_cache_rechecks_stored_proof (test_token_protocol.ServiceTests) ... ok
test_v47_identical_calls_reuse_checked_result_without_solver_work (test_token_protocol.ServiceTests) ... ok
test_v47_solver_options_and_reference_kind_are_validated (test_token_protocol.ServiceTests) ... ok
test_v49_checked_lemma_reuse_proves_without_synthesis_and_changes_cache_identity (test_token_protocol.ServiceTests) ... ok
test_v49_invalid_or_corrupted_lemmas_are_rejected (test_token_protocol.ServiceTests) ... ok
test_v49_lemma_index_does_not_alias_caller_owned_input (test_token_protocol.ServiceTests) ... ok
test_v49_returned_lemma_index_is_detached_from_internal_state (test_token_protocol.ServiceTests) ... ok
test_v36_canonical_wire_is_order_independent_and_lossless (test_token_protocol.TokenMeterTests) ... ok
test_v36_conversation_counts_every_explicit_item_without_api_claim (test_token_protocol.TokenMeterTests) ... ok
test_v36_real_known_vocabulary_tokens_offline (test_token_protocol.TokenMeterTests) ... ok
test_v36_unknown_encoding_is_rejected (test_token_protocol.TokenMeterTests) ... ok
test_v37_all_three_decisions_survive_compression_and_exact_retrieval (test_token_protocol.VerificationTests) ... ok
test_v37_compilation_only_is_not_reported_as_a_decision (test_token_protocol.VerificationTests) ... ok
test_v37_independent_certificate_status_bound_scope_and_proof_tampering_rejected (test_token_protocol.VerificationTests) ... ok
test_v37_original_scope_and_domain_are_visible (test_token_protocol.VerificationTests) ... ok
test_v37_untrusted_wrapper_verdict_and_search_text_are_discarded (test_token_protocol.VerificationTests) ... ok
test_v39_receipt_rejects_valid_evidence_bound_to_a_different_original_goal (test_token_protocol.VerificationTests) ... ok
test_v39_receipt_requires_goal_kind_even_if_content_matches (test_token_protocol.VerificationTests) ... ok
test_v50_diagnostic_group_counts_and_enclosures_do_not_decide_the_goal (test_token_protocol.VerificationTests) ... ok
test_v50_diagnostic_tampering_and_unrelated_problem_transplant_are_rejected (test_token_protocol.VerificationTests) ... ok
test_affine_mean_translation_and_nonsymmetric_box (test_uniform_refine.UniformRefineTests) ... ok
test_budget_exhaustion_is_honest_unresolved (test_uniform_refine.UniformRefineTests) ... ok
test_evidence_keeps_both_proof_paths_and_failures (test_uniform_refine.UniformRefineTests) ... ok
test_exact_poisson_correctors_and_cubic_residual (test_uniform_refine.UniformRefineTests) ... ok
test_failures_are_local_ansatz_failures_with_nonzero_exact_witnesses (test_uniform_refine.UniformRefineTests) ... ok
test_full_real_glue_covers_boundaries (test_uniform_refine.UniformRefineTests) ... ok
test_independent_leaf_formula_matches_subdivision (test_uniform_refine.UniformRefineTests) ... ok
test_json_round_trip_and_malformed_inputs (test_uniform_refine.UniformRefineTests) ... ok
test_log_sobolev_affine_translation_scaling_and_scope (test_uniform_refine.UniformRefineTests) ... ok
test_log_sobolev_exact_spectral_counterexample (test_uniform_refine.UniformRefineTests) ... ok
test_log_sobolev_sharp_rule_and_bound_theorem (test_uniform_refine.UniformRefineTests) ... ok
test_log_sobolev_tampering_is_rejected (test_uniform_refine.UniformRefineTests) ... ok
test_reflection_is_optional_and_nonodd_inputs_are_not_reflected (test_uniform_refine.UniformRefineTests) ... ok
test_remainder_is_not_discarded_at_high_order (test_uniform_refine.UniformRefineTests) ... ok
test_supplementary_random_point_checks_use_exact_fractions (test_uniform_refine.UniformRefineTests) ... ok
test_tamper_failure_and_unresolved_to_success (test_uniform_refine.UniformRefineTests) ... ok
test_tamper_partition_and_full_real_glue (test_uniform_refine.UniformRefineTests) ... ok
test_tamper_residual_factor_corrector_and_claim (test_uniform_refine.UniformRefineTests) ... ok
test_verifier_does_not_use_synthesis_range_or_subdivision (test_uniform_refine.UniformRefineTests) ... ok
test_whole_original_box (test_uniform_refine.UniformRefineTests) ... ok
test_both_sides_improve_coarse_bound (test_v03.TailTests) ... ok
test_boundary_positivity_is_mandatory (test_v03.TailTests) ... ok
test_forged_fields_rejected (test_v03.TailTests) ... ok
test_graded_improves_scalar_in_matrix_order (test_v03.TailTests) ... ok
test_invalid_sizes (test_v03.TailTests) ... ok
test_known_sphere_and_shifts (test_v03.TailTests) ... ok
test_lower_comparison_cannot_certify_an_upper_endpoint (test_v03.TailTests) ... ok
test_matches_independent_previous_enclosure (test_v03.TailTests) ... ok
test_single_tail_column_by_hand (test_v03.TailTests) ... ok
test_bad_float_proposal_cannot_be_accepted (test_v04.GuidedTests) ... ok
test_explicit_budget_failure (test_v04.GuidedTests) ... ok
test_high_precision_refinement (test_v04.GuidedTests) ... ok
test_same_math_enclosure_as_exact_search (test_v04.GuidedTests) ... ok
test_small_number_of_exact_counts (test_v04.GuidedTests) ... ok
test_true_tail_floor_does_not_trigger_useless_refinement (test_v04.GuidedTests) ... ok
test_forged_extremum_and_success_rejected (test_v05.RangeTests) ... ok
test_irrational_extrema_are_enclosed (test_v05.RangeTests) ... ok
test_missing_interval_is_rejected (test_v05.RangeTests) ... ok
test_quadratic_extrema_exact (test_v05.RangeTests) ... ok
test_range_proof_is_bound_to_operator (test_v05.RangeTests) ... ok
test_subdivision_matches_direct_affine_expansion (test_v05.RangeTests) ... ok
test_breaks_fixed_coefficient_plateau (test_v07.PrecisionTests) ... ok
test_corrupted_coefficients_and_gap_rejected (test_v07.PrecisionTests) ... ok
test_exact_linear_solve (test_v07.PrecisionTests) ... ok
test_known_constant_function_remains_exact (test_v07.PrecisionTests) ... ok
test_refinement_does_not_remove_spatial_error (test_v07.PrecisionTests) ... ok
test_aggregate_cost_violation_rejected (test_weights.V33DualTests) ... ok
test_constant_direction_rejected (test_weights.V33DualTests) ... ok
test_degree_limit (test_weights.V33DualTests) ... ok
test_dependent_directions_rejected (test_weights.V33DualTests) ... ok
test_dual_direction_binding (test_weights.V33DualTests) ... ok
test_empty_atoms_rejected (test_weights.V33DualTests) ... ok
test_exact_scalar_global_optimum (test_weights.V33DualTests) ... ok
test_gap_and_status_tamper (test_weights.V33DualTests) ... ok
test_indefinite_atom_with_positive_diagonal_rejected (test_weights.V33DualTests) ... ok
test_lower_value_tamper (test_weights.V33DualTests) ... ok
test_matrix_dimension_rejected (test_weights.V33DualTests) ... ok
test_negative_atom_rejected (test_weights.V33DualTests) ... ok
test_noncommuting_matrix_repair (test_weights.V33DualTests) ... ok
test_nonidentity_cost (test_weights.V33DualTests) ... ok
test_nonsymmetric_cost_rejected (test_weights.V33DualTests) ... ok
test_open_gap_stays_open (test_weights.V33DualTests) ... ok
test_outside_coordinate_rejected (test_weights.V33DualTests) ... ok
test_repair_oversized_atom (test_weights.V33DualTests) ... ok
test_sample_tamper (test_weights.V33DualTests) ... ok
test_semidefinite_cost_rejected (test_weights.V33DualTests) ... ok
test_singular_atom_allowed (test_weights.V33DualTests) ... ok
test_slack_tamper (test_weights.V33DualTests) ... ok
test_weak_duality_trace_identity (test_weights.V33DualTests) ... ok
test_zero_slack_not_required (test_weights.V33DualTests) ... ok
test_bad_range_budget (test_weights.V34OptimizerTests) ... ok
test_dual_certified_gap (test_weights.V34OptimizerTests) ... ok
test_exchange_budget_is_honest (test_weights.V34OptimizerTests) ... ok
test_four_directions (test_weights.V34OptimizerTests) ... ok
test_full_interval_proof_retained (test_weights.V34OptimizerTests) ... ok
test_improves_identity_weight (test_weights.V34OptimizerTests) ... ok
test_invalid_accuracy_budget (test_weights.V34OptimizerTests) ... ok
test_invalid_round_budget (test_weights.V34OptimizerTests) ... ok
test_no_model_calls (test_weights.V34OptimizerTests) ... ok
test_offdiagonal_geometry (test_weights.V34OptimizerTests) ... ok
test_optimized_lemma_can_be_reused (test_weights.V34OptimizerTests) ... ok
test_proposal_failure_returns_verified_open_gap (test_weights.V34OptimizerTests) ... ok
test_tampered_optimization_not_admitted_as_library (test_weights.V34OptimizerTests) ... ok
test_three_directions (test_weights.V34OptimizerTests) ... ok
test_weighted_objective (test_weights.V34OptimizerTests) ... ok
test_anisotropic_goal_proved_without_spectral_search (test_weights.V35PlannerTests) ... ok
test_bad_library_rejected_before_fast_return (test_weights.V35PlannerTests) ... ok
test_budget_claim_tamper (test_weights.V35PlannerTests) ... ok
test_budget_direction_binding (test_weights.V35PlannerTests) ... ok
test_budget_weight_binding (test_weights.V35PlannerTests) ... ok
test_counterexample_is_lifted_and_verified (test_weights.V35PlannerTests) ... ok
test_disabled_synthesis_includes_weights (test_weights.V35PlannerTests) ... ok
test_disabled_weights_fall_back (test_weights.V35PlannerTests) ... ok
test_failed_ansatz_not_false_theorem (test_weights.V35PlannerTests) ... ok
test_high_eigenvalue_rejected (test_weights.V35PlannerTests) ... ok
test_linear_term_can_prevent_proof (test_weights.V35PlannerTests) ... ok
test_no_parameter_goal (test_weights.V35PlannerTests) ... ok
test_nonorthogonal_parameter_map (test_weights.V35PlannerTests) ... ok
test_original_full_sphere_scope (test_weights.V35PlannerTests) ... ok
test_positive_remainder (test_weights.V35PlannerTests) ... ok

----------------------------------------------------------------------
Ran 489 tests in 16.308s

OK
